Warning: Qt5 not available, using default configuration values.
  Controller IP: 192.168.1.177
  PLC IP: 192.168.1.100
  Tango Host: 192.168.1.177:10000
  ORB Timeouts: call=5000ms, connect=3000ms
2026-02-02T16:33:48,868827+0800 INFO (large_stroke_device.cpp:169) sys/large_stroke/1 [DEBUG] 运行模式: 真实模式 (从配置文件加载, SIM_MODE=false)
2026-02-02T16:33:48,870297+0800 INFO (large_stroke_device.cpp:170) sys/large_stroke/1 [DEBUG] 提示: 可通过 simSwitch 命令或GUI动态切换模拟模式
2026-02-02T16:33:48,871423+0800 INFO (large_stroke_device.cpp:183) sys/large_stroke/1 Unit conversion factors: stepsPerMm=100, stepsPerRad=1000
2026-02-02T16:33:48,871462+0800 INFO (large_stroke_device.cpp:186) sys/large_stroke/1 [DEBUG] LargeStrokeDevice initialized. Motion Controller: sys/motion/3, Encoder: sys/encoder/1, Axis ID: 6, Encoder Channel: 7
2026-02-02T16:33:48,871471+0800 INFO (large_stroke_device.cpp:189) sys/large_stroke/1 [DEBUG] Configuration: moveRange=9000, limitNumber=3
2026-02-02T16:33:48,872032+0800 INFO (large_stroke_device.cpp:446) sys/large_stroke/1 [DEBUG] connect_proxies() called. sim_mode=0
2026-02-02T16:33:48,872186+0800 INFO (large_stroke_device.cpp:462) sys/large_stroke/1 [DEBUG] Rebuilding proxies (motion=sys/motion/3, encoder=sys/encoder/1)
2026-02-02T16:33:48,881396+0800 INFO (large_stroke_device.cpp:470) sys/large_stroke/1 [DEBUG] All proxies connected. Device state: ON, status: Connected, connection_healthy=true
2026-02-02T16:33:48,881572+0800 INFO (large_stroke_device.cpp:275) sys/large_stroke/1 Applying motor subdivision parameters (axis=6, stepAngle=1.8, gearRatio=1, subdivision=4000)
2026-02-02T16:33:48,886186+0800 WARN (large_stroke_device.cpp:290) sys/large_stroke/1 Failed to apply motor subdivision parameters: setStructParameter failed with error code 1008
2026-02-02T16:33:48,886201+0800 INFO (large_stroke_device.cpp:297) sys/large_stroke/1 Restoring relay configuration and enabling driver power after reconnection...
2026-02-02T16:33:48,886288+0800 INFO (large_stroke_device.cpp:2223) sys/large_stroke/1 [PowerControl] enable_driver_power() called
2026-02-02T16:33:48,886306+0800 INFO (large_stroke_device.cpp:2224) sys/large_stroke/1 [PowerControl] driver_power_port_=0, driver_power_controller_=sys/motion/3
2026-02-02T16:33:48,886347+0800 INFO (large_stroke_device.cpp:2253) sys/large_stroke/1 [PowerControl] Using connected motion controller
2026-02-02T16:33:48,886412+0800 INFO (large_stroke_device.cpp:2267) sys/large_stroke/1 [PowerControl] Calling writeIO with port=0, value=1
2026-02-02T16:33:48,886419+0800 INFO (large_stroke_device.cpp:2268) sys/large_stroke/1 [PowerControl] Executing hardware writeIO command...
2026-02-02T16:33:48,887103+0800 INFO (large_stroke_device.cpp:2270) sys/large_stroke/1 [PowerControl] writeIO command executed successfully
2026-02-02T16:33:48,887113+0800 INFO (large_stroke_device.cpp:2273) sys/large_stroke/1 ✓ Driver power enabled on port OUT0
2026-02-02T16:33:48,887352+0800 INFO (large_stroke_device.cpp:299) sys/large_stroke/1 Driver power enabled successfully after reconnection
2026-02-02T16:33:48,887457+0800 INFO (large_stroke_device.cpp:2340) sys/large_stroke/1 [PowerControl] release_brake() called
2026-02-02T16:33:48,887465+0800 INFO (large_stroke_device.cpp:2341) sys/large_stroke/1 [PowerControl] brake_power_port_=4, brake_power_controller_=sys/motion/3
2026-02-02T16:33:48,887470+0800 INFO (large_stroke_device.cpp:2369) sys/large_stroke/1 [PowerControl] Using connected motion controller for brake
2026-02-02T16:33:48,887510+0800 INFO (large_stroke_device.cpp:2384) sys/large_stroke/1 [PowerControl] Calling writeIO for brake with port=4, value=1
2026-02-02T16:33:48,888008+0800 INFO (large_stroke_device.cpp:2388) sys/large_stroke/1 ✓ Brake released on port OUT4
2026-02-02T16:33:48,888024+0800 INFO (large_stroke_device.cpp:301) sys/large_stroke/1 Brake released successfully after reconnection, device ready for operation
2026-02-02T16:33:48,888043+0800 INFO (large_stroke_device.cpp:316) sys/large_stroke/1 [DEBUG] Synchronizing encoder position to motion controller...
2026-02-02T16:33:48,890798+0800 INFO (large_stroke_device.cpp:331) sys/large_stroke/1 [DEBUG] Axis 6 (encoder channel 7): synced position 519.358 to motion controller
LargeStroke Server Ready
