Warning: Qt5 not available, using default configuration values.
  Controller IP: 192.168.1.177
  PLC IP: 192.168.1.100
  Tango Host: 192.168.1.177:10000
  ORB Timeouts: call=5000ms, connect=3000ms
MotionControllerDeviceClass::device_factory() called with 1 device(s)
  Creating device: sys/motion/2
2026-02-02T16:33:45,820480+0800 INFO (motion_controller_device.cpp:100) sys/motion/2 MotionControllerDevice::init_device() sys/motion/2
2026-02-02T16:33:45,824366+0800 INFO (motion_controller_device.cpp:192) sys/motion/2 [DEBUG] 运行模式: 真实模式 (从配置文件加载, SIM_MODE=false)
2026-02-02T16:33:45,824406+0800 INFO (motion_controller_device.cpp:193) sys/motion/2 [DEBUG] 提示: 可通过 simSwitch 命令或GUI动态切换模拟模式
2026-02-02T16:33:45,824447+0800 DEBUG (motion_controller_device.cpp:196) sys/motion/2 [SMC] smc_board_init(card_id=1, ip=192.168.1.12)
2026-02-02T16:33:45,834260+0800 DEBUG (motion_controller_device.cpp:198) sys/motion/2 [SMC] smc_board_init() returned: 0
2026-02-02T16:33:45,834863+0800 INFO (motion_controller_device.cpp:213) sys/motion/2 MotionControllerDevice::init_device() completed for sys/motion/2 [State: ON]
  Exporting device: sys/motion/2
  ✓ Device sys/motion/2 exported successfully
MotionControllerDeviceClass::device_factory() completed. Total devices: 1
MotionController Server Ready - Exported 1 device(s):
  [1] sys/motion/2
2026-02-02T16:33:51,957484+0800 DEBUG (motion_controller_device.cpp:1015) sys/motion/2 [SMC] smc_set_equiv(card_id=1, axis=0, equiv=1.25e-06 [step_angle=1.8, gear_ratio=1, subdivision=4000])
02/02/2026  16:33:51:958 src/smcxxx.c,L:6098,smc_set_equiv:ConnectNo:1,axis:0,new_equiv:0.000001,return:1008

2026-02-02T16:33:51,958913+0800 DEBUG (motion_controller_device.cpp:1019) sys/motion/2 [SMC] smc_set_equiv() returned: 1008
2026-02-02T16:33:51,959962+0800 DEBUG (motion_controller_device.cpp:1015) sys/motion/2 [SMC] smc_set_equiv(card_id=1, axis=1, equiv=1.25e-06 [step_angle=1.8, gear_ratio=1, subdivision=4000])
02/02/2026  16:33:51:960 src/smcxxx.c,L:6098,smc_set_equiv:ConnectNo:1,axis:1,new_equiv:0.000001,return:1008

2026-02-02T16:33:51,960952+0800 DEBUG (motion_controller_device.cpp:1019) sys/motion/2 [SMC] smc_set_equiv() returned: 1008
2026-02-02T16:33:51,966342+0800 DEBUG (motion_controller_device.cpp:1151) sys/motion/2 [SMC] smc_set_encoder_unit(card_id=1, axis=0, pos=32761.8)
2026-02-02T16:33:51,966948+0800 DEBUG (motion_controller_device.cpp:1153) sys/motion/2 [SMC] smc_set_encoder_unit() returned: 0
2026-02-02T16:33:51,967760+0800 DEBUG (motion_controller_device.cpp:1151) sys/motion/2 [SMC] smc_set_encoder_unit(card_id=1, axis=2, pos=32753.5)
2026-02-02T16:33:51,968331+0800 DEBUG (motion_controller_device.cpp:1153) sys/motion/2 [SMC] smc_set_encoder_unit() returned: 0
2026-02-02T16:33:51,968602+0800 DEBUG (motion_controller_device.cpp:1151) sys/motion/2 [SMC] smc_set_encoder_unit(card_id=1, axis=4, pos=32765.3)
2026-02-02T16:33:51,969067+0800 DEBUG (motion_controller_device.cpp:1153) sys/motion/2 [SMC] smc_set_encoder_unit() returned: 0
2026-02-02T16:33:51,969333+0800 DEBUG (motion_controller_device.cpp:1151) sys/motion/2 [SMC] smc_set_encoder_unit(card_id=1, axis=1, pos=32744.3)
2026-02-02T16:33:51,969902+0800 DEBUG (motion_controller_device.cpp:1153) sys/motion/2 [SMC] smc_set_encoder_unit() returned: 0
2026-02-02T16:33:51,970312+0800 DEBUG (motion_controller_device.cpp:1151) sys/motion/2 [SMC] smc_set_encoder_unit(card_id=1, axis=3, pos=32749.7)
2026-02-02T16:33:51,970886+0800 DEBUG (motion_controller_device.cpp:1153) sys/motion/2 [SMC] smc_set_encoder_unit() returned: 0
2026-02-02T16:33:51,971412+0800 DEBUG (motion_controller_device.cpp:1151) sys/motion/2 [SMC] smc_set_encoder_unit(card_id=1, axis=5, pos=391.561)
2026-02-02T16:33:51,971953+0800 DEBUG (motion_controller_device.cpp:1153) sys/motion/2 [SMC] smc_set_encoder_unit() returned: 0
