Warning: Qt5 not available, using default configuration values.
  Controller IP: 192.168.1.177
  PLC IP: 192.168.1.100
  Tango Host: 192.168.1.177:10000
  ORB Timeouts: call=5000ms, connect=3000ms
2026-02-02T16:33:49,895091+0800 INFO (six_dof_device.cpp:299) sys/six_dof/1 [DEBUG] 运行模式: 真实模式 (从配置文件加载, SIM_MODE=false)
2026-02-02T16:33:49,896773+0800 INFO (six_dof_device.cpp:300) sys/six_dof/1 [DEBUG] 提示: 可通过 simSwitch 命令或GUI动态切换模拟模式
2026-02-02T16:33:49,896799+0800 INFO (six_dof_device.cpp:303) sys/six_dof/1 SixDofDevice initialized. Motion Controller: sys/motion/3
Initial height (hh): 408.01
2026-02-02T16:33:49,901783+0800 INFO (six_dof_device.cpp:2213) sys/six_dof/1 Kinematics configured: r1=110, r2=193, hh=408.01
Calculated nominal leg length: 421.495
2026-02-02T16:33:49,903114+0800 INFO (six_dof_device.cpp:480) sys/six_dof/1 [DEBUG] connect_proxies() called. sim_mode=0
2026-02-02T16:33:49,903207+0800 INFO (six_dof_device.cpp:495) sys/six_dof/1 [DEBUG] Rebuilding proxies (motion=sys/motion/3, encoder=)
2026-02-02T16:33:49,907181+0800 INFO (six_dof_device.cpp:507) sys/six_dof/1 [DEBUG] All proxies connected. Device state: ON, status: Connected
2026-02-02T16:33:49,907347+0800 INFO (six_dof_device.cpp:571) sys/six_dof/1 Restoring relay configuration and enabling driver power after reconnection...
2026-02-02T16:33:49,907404+0800 INFO (six_dof_device.cpp:2438) sys/six_dof/1 [PowerControl] enable_driver_power() called
2026-02-02T16:33:49,907429+0800 INFO (six_dof_device.cpp:2439) sys/six_dof/1 [PowerControl] driver_power_port_=0, driver_power_controller_=sys/motion/3
2026-02-02T16:33:49,907522+0800 INFO (six_dof_device.cpp:2468) sys/six_dof/1 [PowerControl] Using connected motion controller
2026-02-02T16:33:49,907648+0800 INFO (six_dof_device.cpp:2482) sys/six_dof/1 [PowerControl] Calling writeIO with port=0, value=1
2026-02-02T16:33:49,907657+0800 INFO (six_dof_device.cpp:2483) sys/six_dof/1 [PowerControl] Executing hardware writeIO command...
2026-02-02T16:33:49,908742+0800 INFO (six_dof_device.cpp:2485) sys/six_dof/1 [PowerControl] writeIO command executed successfully
2026-02-02T16:33:49,908754+0800 INFO (six_dof_device.cpp:2490) sys/six_dof/1 ✓ Driver power enabled on port OUT0
2026-02-02T16:33:49,908942+0800 INFO (six_dof_device.cpp:573) sys/six_dof/1 Driver power enabled successfully after reconnection
2026-02-02T16:33:49,909005+0800 INFO (six_dof_device.cpp:2559) sys/six_dof/1 [PowerControl] release_brake() called
2026-02-02T16:33:49,909015+0800 INFO (six_dof_device.cpp:2560) sys/six_dof/1 [PowerControl] brake_power_port_=3, brake_power_controller_=sys/motion/3
2026-02-02T16:33:49,909087+0800 INFO (six_dof_device.cpp:2588) sys/six_dof/1 [PowerControl] Using connected motion controller for brake
2026-02-02T16:33:49,909097+0800 INFO (six_dof_device.cpp:2603) sys/six_dof/1 [PowerControl] Calling writeIO for brake with port=3, value=1
2026-02-02T16:33:49,909634+0800 INFO (six_dof_device.cpp:2609) sys/six_dof/1 ✓ Brake released on port OUT3
2026-02-02T16:33:49,909655+0800 INFO (six_dof_device.cpp:576) sys/six_dof/1 Brake released successfully after reconnection, device ready for operation
SixDof Server Ready
0, 0, 1
R: 
0.999848, -0.0174524, 0
0.0174524, 0.999848, -0
0, 0, 1
cal done!
Pose: 0, 0, 0, 408.01
T: 0, 0, 408.01
q[0]: 83.0181, 72.1665, 408.01
l[0]: -104.249, 25.4756, 408.01
Leg 0 length: 421.8875
q[1]: 17.2078, 108.6457, 408.0100
l[1]: 70.4058, -76.8778, 408.0100
Leg 1 length: 421.1168
q[2]: -104.0070, 35.8125, 408.0100
l[2]: 30.0620, -103.0201, 408.0100
Leg 2 length: 421.8875
q[3]: -102.6938, -39.4205, 408.0100
l[3]: 31.3752, 99.4121, 408.0100
Leg 3 length: 421.1168
q[4]: 20.9890, -107.9790, 408.0100
l[4]: 74.1870, 77.5445, 408.0100
Leg 4 length: 421.8875
q[5]: 85.4861, -69.2252, 408.0100
l[5]: -101.7810, -22.5343, 408.0100
Leg 5 length: 421.1168
get in motion
current leg length 421.4954
target leg length 421.8875
axis 0 delta: 0.3921
axis 0 delta steps: 11682
2026-02-02T16:36:35,415906+0800 INFO (six_dof_device.cpp:1519) sys/six_dof/1 [DEBUG] send_move_command: axis=0, position=11682, relative=true, cmd=moveRelative
2026-02-02T16:36:35,419870+0800 INFO (six_dof_device.cpp:1526) sys/six_dof/1 [DEBUG] send_move_command: command sent successfully for axis 0
current leg length 421.4954
target leg length 421.1168
axis 1 delta: -0.3786
axis 1 delta steps: -11280
2026-02-02T16:36:35,419934+0800 INFO (six_dof_device.cpp:1519) sys/six_dof/1 [DEBUG] send_move_command: axis=1, position=-11280, relative=true, cmd=moveRelative
2026-02-02T16:36:35,423342+0800 INFO (six_dof_device.cpp:1526) sys/six_dof/1 [DEBUG] send_move_command: command sent successfully for axis 1
current leg length 421.4954
target leg length 421.8875
axis 2 delta: 0.3921
axis 2 delta steps: 11682
2026-02-02T16:36:35,423399+0800 INFO (six_dof_device.cpp:1519) sys/six_dof/1 [DEBUG] send_move_command: axis=2, position=11682, relative=true, cmd=moveRelative
2026-02-02T16:36:35,426699+0800 INFO (six_dof_device.cpp:1526) sys/six_dof/1 [DEBUG] send_move_command: command sent successfully for axis 2
current leg length 421.4954
target leg length 421.1168
axis 3 delta: -0.3786
axis 3 delta steps: -11280
2026-02-02T16:36:35,426744+0800 INFO (six_dof_device.cpp:1519) sys/six_dof/1 [DEBUG] send_move_command: axis=3, position=-11280, relative=true, cmd=moveRelative
2026-02-02T16:36:35,430969+0800 INFO (six_dof_device.cpp:1526) sys/six_dof/1 [DEBUG] send_move_command: command sent successfully for axis 3
current leg length 421.4954
target leg length 421.8875
axis 4 delta: 0.3921
axis 4 delta steps: 11682
2026-02-02T16:36:35,431032+0800 INFO (six_dof_device.cpp:1519) sys/six_dof/1 [DEBUG] send_move_command: axis=4, position=11682, relative=true, cmd=moveRelative
2026-02-02T16:36:35,436400+0800 INFO (six_dof_device.cpp:1526) sys/six_dof/1 [DEBUG] send_move_command: command sent successfully for axis 4
current leg length 421.4954
target leg length 421.1168
axis 5 delta: -0.3786
axis 5 delta steps: -11280
2026-02-02T16:36:35,436460+0800 INFO (six_dof_device.cpp:1519) sys/six_dof/1 [DEBUG] send_move_command: axis=5, position=-11280, relative=true, cmd=moveRelative
2026-02-02T16:36:35,443783+0800 INFO (six_dof_device.cpp:1526) sys/six_dof/1 [DEBUG] send_move_command: command sent successfully for axis 5
0.0000, 0.0000, 0.0000
R: 
1.0000, -0.0000, 0.0000
0.0000, 1.0000, -0.0000
0.0000, 0.0000, 1.0000
cal done!
Pose: 0.0000, 0.0000, 0.0000, 408.0100
T: 0.0000, 0.0000, 408.0100
q[0]: 84.2649, 70.7066, 408.0100
l[0]: -103.0022, 24.0157, 408.0100
Leg 0 length: 421.4954
q[1]: 19.1013, 108.3289, 408.0100
l[1]: 72.2993, -77.1947, 408.0100
Leg 1 length: 421.4954
q[2]: -103.3662, 37.6222, 408.0100
l[2]: 30.7029, -101.2104, 408.0100
Leg 2 length: 421.4954
q[3]: -103.3662, -37.6222, 408.0100
l[3]: 30.7029, 101.2104, 408.0100
Leg 3 length: 421.4954
q[4]: 19.1013, -108.3289, 408.0100
l[4]: 72.2993, 77.1947, 408.0100
Leg 4 length: 421.4954
q[5]: 84.2649, -70.7066, 408.0100
l[5]: -103.0022, -24.0157, 408.0100
Leg 5 length: 421.4954
get in motion
current leg length 421.8875
target leg length 421.4954
axis 0 delta: -0.3921
axis 0 delta steps: -11682
2026-02-02T16:39:01,397781+0800 INFO (six_dof_device.cpp:1519) sys/six_dof/1 [DEBUG] send_move_command: axis=0, position=-11682, relative=true, cmd=moveRelative
2026-02-02T16:39:01,399548+0800 INFO (six_dof_device.cpp:1526) sys/six_dof/1 [DEBUG] send_move_command: command sent successfully for axis 0
current leg length 421.1168
target leg length 421.4954
axis 1 delta: 0.3786
axis 1 delta steps: 11280
2026-02-02T16:39:01,399599+0800 INFO (six_dof_device.cpp:1519) sys/six_dof/1 [DEBUG] send_move_command: axis=1, position=11280, relative=true, cmd=moveRelative
2026-02-02T16:39:01,403199+0800 INFO (six_dof_device.cpp:1526) sys/six_dof/1 [DEBUG] send_move_command: command sent successfully for axis 1
current leg length 421.8875
target leg length 421.4954
axis 2 delta: -0.3921
axis 2 delta steps: -11682
2026-02-02T16:39:01,403256+0800 INFO (six_dof_device.cpp:1519) sys/six_dof/1 [DEBUG] send_move_command: axis=2, position=-11682, relative=true, cmd=moveRelative
2026-02-02T16:39:01,407235+0800 INFO (six_dof_device.cpp:1526) sys/six_dof/1 [DEBUG] send_move_command: command sent successfully for axis 2
current leg length 421.1168
target leg length 421.4954
axis 3 delta: 0.3786
axis 3 delta steps: 11280
2026-02-02T16:39:01,407292+0800 INFO (six_dof_device.cpp:1519) sys/six_dof/1 [DEBUG] send_move_command: axis=3, position=11280, relative=true, cmd=moveRelative
2026-02-02T16:39:01,411334+0800 INFO (six_dof_device.cpp:1526) sys/six_dof/1 [DEBUG] send_move_command: command sent successfully for axis 3
current leg length 421.8875
target leg length 421.4954
axis 4 delta: -0.3921
axis 4 delta steps: -11682
2026-02-02T16:39:01,411382+0800 INFO (six_dof_device.cpp:1519) sys/six_dof/1 [DEBUG] send_move_command: axis=4, position=-11682, relative=true, cmd=moveRelative
2026-02-02T16:39:01,417952+0800 INFO (six_dof_device.cpp:1526) sys/six_dof/1 [DEBUG] send_move_command: command sent successfully for axis 4
current leg length 421.1168
target leg length 421.4954
axis 5 delta: 0.3786
axis 5 delta steps: 11280
2026-02-02T16:39:01,418125+0800 INFO (six_dof_device.cpp:1519) sys/six_dof/1 [DEBUG] send_move_command: axis=5, position=11280, relative=true, cmd=moveRelative
2026-02-02T16:39:01,424545+0800 INFO (six_dof_device.cpp:1526) sys/six_dof/1 [DEBUG] send_move_command: command sent successfully for axis 5
0.0000, 0.0000, 1.0000
R: 
0.9998, -0.0175, 0.0000
0.0175, 0.9998, -0.0000
0.0000, 0.0000, 1.0000
cal done!
Pose: 0.0000, 0.0000, 0.0000, 408.0100
T: 0.0000, 0.0000, 408.0100
q[0]: 83.0181, 72.1665, 408.0100
l[0]: -104.2490, 25.4756, 408.0100
Leg 0 length: 421.8875
q[1]: 17.2078, 108.6457, 408.0100
l[1]: 70.4058, -76.8778, 408.0100
Leg 1 length: 421.1168
q[2]: -104.0070, 35.8125, 408.0100
l[2]: 30.0620, -103.0201, 408.0100
Leg 2 length: 421.8875
q[3]: -102.6938, -39.4205, 408.0100
l[3]: 31.3752, 99.4121, 408.0100
Leg 3 length: 421.1168
q[4]: 20.9890, -107.9790, 408.0100
l[4]: 74.1870, 77.5445, 408.0100
Leg 4 length: 421.8875
q[5]: 85.4861, -69.2252, 408.0100
l[5]: -101.7810, -22.5343, 408.0100
Leg 5 length: 421.1168
get in motion
current leg length 421.4954
target leg length 421.8875
axis 0 delta: 0.3921
axis 0 delta steps: 11682
2026-02-02T16:40:36,185671+0800 INFO (six_dof_device.cpp:1519) sys/six_dof/1 [DEBUG] send_move_command: axis=0, position=11682, relative=true, cmd=moveRelative
2026-02-02T16:40:36,188615+0800 INFO (six_dof_device.cpp:1526) sys/six_dof/1 [DEBUG] send_move_command: command sent successfully for axis 0
current leg length 421.4954
target leg length 421.1168
axis 1 delta: -0.3786
axis 1 delta steps: -11280
2026-02-02T16:40:36,188714+0800 INFO (six_dof_device.cpp:1519) sys/six_dof/1 [DEBUG] send_move_command: axis=1, position=-11280, relative=true, cmd=moveRelative
2026-02-02T16:40:36,192611+0800 INFO (six_dof_device.cpp:1526) sys/six_dof/1 [DEBUG] send_move_command: command sent successfully for axis 1
current leg length 421.4954
target leg length 421.8875
axis 2 delta: 0.3921
axis 2 delta steps: 11682
2026-02-02T16:40:36,192718+0800 INFO (six_dof_device.cpp:1519) sys/six_dof/1 [DEBUG] send_move_command: axis=2, position=11682, relative=true, cmd=moveRelative
2026-02-02T16:40:36,197126+0800 INFO (six_dof_device.cpp:1526) sys/six_dof/1 [DEBUG] send_move_command: command sent successfully for axis 2
current leg length 421.4954
target leg length 421.1168
axis 3 delta: -0.3786
axis 3 delta steps: -11280
2026-02-02T16:40:36,197223+0800 INFO (six_dof_device.cpp:1519) sys/six_dof/1 [DEBUG] send_move_command: axis=3, position=-11280, relative=true, cmd=moveRelative
2026-02-02T16:40:36,202722+0800 INFO (six_dof_device.cpp:1526) sys/six_dof/1 [DEBUG] send_move_command: command sent successfully for axis 3
current leg length 421.4954
target leg length 421.8875
axis 4 delta: 0.3921
axis 4 delta steps: 11682
2026-02-02T16:40:36,202779+0800 INFO (six_dof_device.cpp:1519) sys/six_dof/1 [DEBUG] send_move_command: axis=4, position=11682, relative=true, cmd=moveRelative
2026-02-02T16:40:36,208204+0800 INFO (six_dof_device.cpp:1526) sys/six_dof/1 [DEBUG] send_move_command: command sent successfully for axis 4
current leg length 421.4954
target leg length 421.1168
axis 5 delta: -0.3786
axis 5 delta steps: -11280
2026-02-02T16:40:36,208266+0800 INFO (six_dof_device.cpp:1519) sys/six_dof/1 [DEBUG] send_move_command: axis=5, position=-11280, relative=true, cmd=moveRelative
2026-02-02T16:40:36,215779+0800 INFO (six_dof_device.cpp:1526) sys/six_dof/1 [DEBUG] send_move_command: command sent successfully for axis 5
0.0000, 0.0000, 0.0000
R: 
1.0000, -0.0000, 0.0000
0.0000, 1.0000, -0.0000
0.0000, 0.0000, 1.0000
cal done!
Pose: 0.0000, 0.0000, 0.0000, 408.0100
T: 0.0000, 0.0000, 408.0100
q[0]: 84.2649, 70.7066, 408.0100
l[0]: -103.0022, 24.0157, 408.0100
Leg 0 length: 421.4954
q[1]: 19.1013, 108.3289, 408.0100
l[1]: 72.2993, -77.1947, 408.0100
Leg 1 length: 421.4954
q[2]: -103.3662, 37.6222, 408.0100
l[2]: 30.7029, -101.2104, 408.0100
Leg 2 length: 421.4954
q[3]: -103.3662, -37.6222, 408.0100
l[3]: 30.7029, 101.2104, 408.0100
Leg 3 length: 421.4954
q[4]: 19.1013, -108.3289, 408.0100
l[4]: 72.2993, 77.1947, 408.0100
Leg 4 length: 421.4954
q[5]: 84.2649, -70.7066, 408.0100
l[5]: -103.0022, -24.0157, 408.0100
Leg 5 length: 421.4954
get in motion
current leg length 421.8875
target leg length 421.4954
axis 0 delta: -0.3921
axis 0 delta steps: -11682
2026-02-02T16:41:10,297094+0800 INFO (six_dof_device.cpp:1519) sys/six_dof/1 [DEBUG] send_move_command: axis=0, position=-11682, relative=true, cmd=moveRelative
2026-02-02T16:41:10,298440+0800 INFO (six_dof_device.cpp:1526) sys/six_dof/1 [DEBUG] send_move_command: command sent successfully for axis 0
current leg length 421.1168
target leg length 421.4954
axis 1 delta: 0.3786
axis 1 delta steps: 11280
2026-02-02T16:41:10,298458+0800 INFO (six_dof_device.cpp:1519) sys/six_dof/1 [DEBUG] send_move_command: axis=1, position=11280, relative=true, cmd=moveRelative
2026-02-02T16:41:10,300919+0800 INFO (six_dof_device.cpp:1526) sys/six_dof/1 [DEBUG] send_move_command: command sent successfully for axis 1
current leg length 421.8875
target leg length 421.4954
axis 2 delta: -0.3921
axis 2 delta steps: -11682
2026-02-02T16:41:10,301037+0800 INFO (six_dof_device.cpp:1519) sys/six_dof/1 [DEBUG] send_move_command: axis=2, position=-11682, relative=true, cmd=moveRelative
2026-02-02T16:41:10,305468+0800 INFO (six_dof_device.cpp:1526) sys/six_dof/1 [DEBUG] send_move_command: command sent successfully for axis 2
current leg length 421.1168
target leg length 421.4954
axis 3 delta: 0.3786
axis 3 delta steps: 11280
2026-02-02T16:41:10,305536+0800 INFO (six_dof_device.cpp:1519) sys/six_dof/1 [DEBUG] send_move_command: axis=3, position=11280, relative=true, cmd=moveRelative
2026-02-02T16:41:10,309391+0800 INFO (six_dof_device.cpp:1526) sys/six_dof/1 [DEBUG] send_move_command: command sent successfully for axis 3
current leg length 421.8875
target leg length 421.4954
axis 4 delta: -0.3921
axis 4 delta steps: -11682
2026-02-02T16:41:10,309439+0800 INFO (six_dof_device.cpp:1519) sys/six_dof/1 [DEBUG] send_move_command: axis=4, position=-11682, relative=true, cmd=moveRelative
2026-02-02T16:41:10,315617+0800 INFO (six_dof_device.cpp:1526) sys/six_dof/1 [DEBUG] send_move_command: command sent successfully for axis 4
current leg length 421.1168
target leg length 421.4954
axis 5 delta: 0.3786
axis 5 delta steps: 11280
2026-02-02T16:41:10,315686+0800 INFO (six_dof_device.cpp:1519) sys/six_dof/1 [DEBUG] send_move_command: axis=5, position=11280, relative=true, cmd=moveRelative
2026-02-02T16:41:10,322326+0800 INFO (six_dof_device.cpp:1526) sys/six_dof/1 [DEBUG] send_move_command: command sent successfully for axis 5
0.0000, 0.0000, 1.0000
R: 
0.9998, -0.0175, 0.0000
0.0175, 0.9998, -0.0000
0.0000, 0.0000, 1.0000
cal done!
Pose: 0.0000, 0.0000, 0.0000, 408.0100
T: 0.0000, 0.0000, 408.0100
q[0]: 83.0181, 72.1665, 408.0100
l[0]: -104.2490, 25.4756, 408.0100
Leg 0 length: 421.8875
q[1]: 17.2078, 108.6457, 408.0100
l[1]: 70.4058, -76.8778, 408.0100
Leg 1 length: 421.1168
q[2]: -104.0070, 35.8125, 408.0100
l[2]: 30.0620, -103.0201, 408.0100
Leg 2 length: 421.8875
q[3]: -102.6938, -39.4205, 408.0100
l[3]: 31.3752, 99.4121, 408.0100
Leg 3 length: 421.1168
q[4]: 20.9890, -107.9790, 408.0100
l[4]: 74.1870, 77.5445, 408.0100
Leg 4 length: 421.8875
q[5]: 85.4861, -69.2252, 408.0100
l[5]: -101.7810, -22.5343, 408.0100
Leg 5 length: 421.1168
get in motion
current leg length 421.4954
target leg length 421.8875
axis 0 delta: 0.3921
axis 0 delta steps: 11682
2026-02-02T16:41:27,114228+0800 INFO (six_dof_device.cpp:1519) sys/six_dof/1 [DEBUG] send_move_command: axis=0, position=11682, relative=true, cmd=moveRelative
2026-02-02T16:41:27,116101+0800 INFO (six_dof_device.cpp:1526) sys/six_dof/1 [DEBUG] send_move_command: command sent successfully for axis 0
current leg length 421.4954
target leg length 421.1168
axis 1 delta: -0.3786
axis 1 delta steps: -11280
2026-02-02T16:41:27,116188+0800 INFO (six_dof_device.cpp:1519) sys/six_dof/1 [DEBUG] send_move_command: axis=1, position=-11280, relative=true, cmd=moveRelative
2026-02-02T16:41:27,119530+0800 INFO (six_dof_device.cpp:1526) sys/six_dof/1 [DEBUG] send_move_command: command sent successfully for axis 1
current leg length 421.4954
target leg length 421.8875
axis 2 delta: 0.3921
axis 2 delta steps: 11682
2026-02-02T16:41:27,119588+0800 INFO (six_dof_device.cpp:1519) sys/six_dof/1 [DEBUG] send_move_command: axis=2, position=11682, relative=true, cmd=moveRelative
2026-02-02T16:41:27,124308+0800 INFO (six_dof_device.cpp:1526) sys/six_dof/1 [DEBUG] send_move_command: command sent successfully for axis 2
current leg length 421.4954
target leg length 421.1168
axis 3 delta: -0.3786
axis 3 delta steps: -11280
2026-02-02T16:41:27,124376+0800 INFO (six_dof_device.cpp:1519) sys/six_dof/1 [DEBUG] send_move_command: axis=3, position=-11280, relative=true, cmd=moveRelative
2026-02-02T16:41:27,129888+0800 INFO (six_dof_device.cpp:1526) sys/six_dof/1 [DEBUG] send_move_command: command sent successfully for axis 3
current leg length 421.4954
target leg length 421.8875
axis 4 delta: 0.3921
axis 4 delta steps: 11682
2026-02-02T16:41:27,129939+0800 INFO (six_dof_device.cpp:1519) sys/six_dof/1 [DEBUG] send_move_command: axis=4, position=11682, relative=true, cmd=moveRelative
2026-02-02T16:41:27,135265+0800 INFO (six_dof_device.cpp:1526) sys/six_dof/1 [DEBUG] send_move_command: command sent successfully for axis 4
current leg length 421.4954
target leg length 421.1168
axis 5 delta: -0.3786
axis 5 delta steps: -11280
